2026-03-17 23:39:56,478 
======================================================================
  [MONITOR] 2026-03-17 14:37 UTC
======================================================================
  잔고    : 4999.97 USDT
  총거래  : 0건
  다음바  : 16:05 UTC (약 87분 후)

  ─ 오픈 포지션 (0건) ─
    없음

  ─ 최근 거래 (0건) ─
    없음
======================================================================
2026-03-17 23:47:42,100 
======================================================================
  [MONITOR] 2026-03-17 14:47 UTC
======================================================================
  잔고    : 4999.97 USDT
  총거래  : 0건
  다음바  : 16:05 UTC (약 77분 후)

  ─ 오픈 포지션 (0건) ─
    없음

  ─ 최근 거래 (0건) ─
    없음
======================================================================
2026-03-17 23:58:21,844 
======================================================================
  [MONITOR] 2026-03-17 14:58 UTC
======================================================================
  잔고    : 4999.97 USDT
  총거래  : 0건
  다음바  : 16:05 UTC (약 66분 후)

  ─ 오픈 포지션 (0건) ─
    없음

  ─ 최근 거래 (0건) ─
    없음
======================================================================
2026-03-18 00:04:21,078 
======================================================================
  [MONITOR] 2026-03-17 15:02 UTC
======================================================================
  잔고    : 4999.97 USDT
  총거래  : 0건
  다음바  : 16:05 UTC (약 62분 후)

  ─ 오픈 포지션 (0건) ─
    없음

  ─ 최근 거래 (0건) ─
    없음
======================================================================
2026-03-18 00:12:06,275 
======================================================================
  [MONITOR] 2026-03-17 15:12 UTC
======================================================================
  잔고    : 4999.97 USDT
  총거래  : 0건
  다음바  : 16:05 UTC (약 52분 후)

  ─ 오픈 포지션 (0건) ─
    없음

  ─ 최근 거래 (0건) ─
    없음
======================================================================
2026-03-18 00:22:46,314 
======================================================================
  [MONITOR] 2026-03-17 15:22 UTC
======================================================================
  잔고    : 4999.97 USDT
  총거래  : 0건
  다음바  : 16:05 UTC (약 42분 후)

  ─ 오픈 포지션 (0건) ─
    없음

  ─ 최근 거래 (0건) ─
    없음
======================================================================
2026-03-18 00:33:26,040 
======================================================================
  [MONITOR] 2026-03-17 15:33 UTC
======================================================================
  잔고    : 4999.97 USDT
  총거래  : 0건
  다음바  : 16:05 UTC (약 31분 후)

  ─ 오픈 포지션 (0건) ─
    없음

  ─ 최근 거래 (0건) ─
    없음
======================================================================
2026-03-18 00:44:04,500 
======================================================================
  [MONITOR] 2026-03-17 15:44 UTC
======================================================================
  잔고    : 4999.97 USDT
  총거래  : 0건
  다음바  : 16:05 UTC (약 20분 후)

  ─ 오픈 포지션 (0건) ─
    없음

  ─ 최근 거래 (0건) ─
    없음
======================================================================
2026-03-18 00:54:43,644 
======================================================================
  [MONITOR] 2026-03-17 15:54 UTC
======================================================================
  잔고    : 4999.97 USDT
  총거래  : 0건
  다음바  : 16:05 UTC (약 10분 후)

  ─ 오픈 포지션 (0건) ─
    없음

  ─ 최근 거래 (0건) ─
    없음
======================================================================
2026-03-18 01:05:25,922 
======================================================================
  [MONITOR] 2026-03-17 16:05 UTC
======================================================================
  잔고    : 4999.97 USDT
  총거래  : 0건
  다음바  : 20:05 UTC (약 239분 후)

  ─ 오픈 포지션 (0건) ─
    없음

  ─ 최근 거래 (0건) ─
    없음
======================================================================
2026-03-18 02:13:48,681 
======================================================================
  [MONITOR] 2026-03-17 16:20 UTC
======================================================================
  잔고    : 4999.97 USDT
  총거래  : 0건
  다음바  : 20:05 UTC (약 224분 후)

  ─ 오픈 포지션 (0건) ─
    없음

  ─ 최근 거래 (0건) ─
    없음
======================================================================
2026-03-18 02:14:46,431 
======================================================================
  [MONITOR] 2026-03-17 17:14 UTC
======================================================================
  잔고    : 4999.97 USDT
  총거래  : 0건
  다음바  : 20:05 UTC (약 170분 후)

  ─ 오픈 포지션 (0건) ─
    없음

  ─ 최근 거래 (0건) ─
    없음
======================================================================
2026-03-18 02:25:23,535 
======================================================================
  [MONITOR] 2026-03-17 17:25 UTC
======================================================================
  잔고    : 4999.97 USDT
  총거래  : 0건
  다음바  : 20:05 UTC (약 159분 후)

  ─ 오픈 포지션 (0건) ─
    없음

  ─ 최근 거래 (0건) ─
    없음
======================================================================
2026-03-18 02:36:00,397 
======================================================================
  [MONITOR] 2026-03-17 17:36 UTC
======================================================================
  잔고    : 4999.97 USDT
  총거래  : 0건
  다음바  : 20:05 UTC (약 148분 후)

  ─ 오픈 포지션 (0건) ─
    없음

  ─ 최근 거래 (0건) ─
    없음
======================================================================
2026-03-18 02:46:35,854 
======================================================================
  [MONITOR] 2026-03-17 17:46 UTC
======================================================================
  잔고    : 4999.97 USDT
  총거래  : 0건
  다음바  : 20:05 UTC (약 138분 후)

  ─ 오픈 포지션 (0건) ─
    없음

  ─ 최근 거래 (0건) ─
    없음
======================================================================
2026-03-18 02:57:12,259 
======================================================================
  [MONITOR] 2026-03-17 17:57 UTC
======================================================================
  잔고    : 4999.97 USDT
  총거래  : 0건
  다음바  : 20:05 UTC (약 127분 후)

  ─ 오픈 포지션 (0건) ─
    없음

  ─ 최근 거래 (0건) ─
    없음
======================================================================
2026-03-18 03:07:48,352 
======================================================================
  [MONITOR] 2026-03-17 18:07 UTC
======================================================================
  잔고    : 4999.97 USDT
  총거래  : 0건
  다음바  : 20:05 UTC (약 117분 후)

  ─ 오픈 포지션 (0건) ─
    없음

  ─ 최근 거래 (0건) ─
    없음
======================================================================
2026-03-18 03:18:23,108 
======================================================================
  [MONITOR] 2026-03-17 18:18 UTC
======================================================================
  잔고    : 4999.97 USDT
  총거래  : 0건
  다음바  : 20:05 UTC (약 106분 후)

  ─ 오픈 포지션 (0건) ─
    없음

  ─ 최근 거래 (0건) ─
    없음
======================================================================
2026-03-18 03:28:58,740 
======================================================================
  [MONITOR] 2026-03-17 18:28 UTC
======================================================================
  잔고    : 4999.97 USDT
  총거래  : 0건
  다음바  : 20:05 UTC (약 96분 후)

  ─ 오픈 포지션 (0건) ─
    없음

  ─ 최근 거래 (0건) ─
    없음
======================================================================
2026-03-18 03:39:34,261 
======================================================================
  [MONITOR] 2026-03-17 18:39 UTC
======================================================================
  잔고    : 4999.97 USDT
  총거래  : 0건
  다음바  : 20:05 UTC (약 85분 후)

  ─ 오픈 포지션 (0건) ─
    없음

  ─ 최근 거래 (0건) ─
    없음
======================================================================
2026-03-18 03:50:08,319 
======================================================================
  [MONITOR] 2026-03-17 18:50 UTC
======================================================================
  잔고    : 4999.97 USDT
  총거래  : 0건
  다음바  : 20:05 UTC (약 74분 후)

  ─ 오픈 포지션 (0건) ─
    없음

  ─ 최근 거래 (0건) ─
    없음
======================================================================
2026-03-18 04:00:43,344 
======================================================================
  [MONITOR] 2026-03-17 19:00 UTC
======================================================================
  잔고    : 4999.97 USDT
  총거래  : 0건
  다음바  : 20:05 UTC (약 64분 후)

  ─ 오픈 포지션 (0건) ─
    없음

  ─ 최근 거래 (0건) ─
    없음
======================================================================
2026-03-18 04:11:18,041 
======================================================================
  [MONITOR] 2026-03-17 19:11 UTC
======================================================================
  잔고    : 4999.97 USDT
  총거래  : 0건
  다음바  : 20:05 UTC (약 53분 후)

  ─ 오픈 포지션 (0건) ─
    없음

  ─ 최근 거래 (0건) ─
    없음
======================================================================
2026-03-18 04:21:51,286 
======================================================================
  [MONITOR] 2026-03-17 19:21 UTC
======================================================================
  잔고    : 4999.97 USDT
  총거래  : 0건
  다음바  : 20:05 UTC (약 43분 후)

  ─ 오픈 포지션 (0건) ─
    없음

  ─ 최근 거래 (0건) ─
    없음
======================================================================
2026-03-18 04:32:25,659 
======================================================================
  [MONITOR] 2026-03-17 19:32 UTC
======================================================================
  잔고    : 4999.97 USDT
  총거래  : 0건
  다음바  : 20:05 UTC (약 32분 후)

  ─ 오픈 포지션 (0건) ─
    없음

  ─ 최근 거래 (0건) ─
    없음
======================================================================
2026-03-18 04:42:59,189 
======================================================================
  [MONITOR] 2026-03-17 19:42 UTC
======================================================================
  잔고    : 4999.97 USDT
  총거래  : 0건
  다음바  : 20:05 UTC (약 22분 후)

  ─ 오픈 포지션 (0건) ─
    없음

  ─ 최근 거래 (0건) ─
    없음
======================================================================
2026-03-18 04:53:33,085 
======================================================================
  [MONITOR] 2026-03-17 19:53 UTC
======================================================================
  잔고    : 4999.97 USDT
  총거래  : 0건
  다음바  : 20:05 UTC (약 11분 후)

  ─ 오픈 포지션 (0건) ─
    없음

  ─ 최근 거래 (0건) ─
    없음
======================================================================
2026-03-18 05:04:06,562 
======================================================================
  [MONITOR] 2026-03-17 20:04 UTC
======================================================================
  잔고    : 4999.97 USDT
  총거래  : 0건
  다음바  : 20:05 UTC (약 0분 후)

  ─ 오픈 포지션 (0건) ─
    없음

  ─ 최근 거래 (0건) ─
    없음
======================================================================
2026-03-18 05:14:43,555 
======================================================================
  [MONITOR] 2026-03-17 20:14 UTC
======================================================================
  잔고    : 4999.97 USDT
  총거래  : 0건
  다음바  : 00:05 UTC (약 230분 후)

  ─ 오픈 포지션 (0건) ─
    없음

  ─ 최근 거래 (0건) ─
    없음
======================================================================
2026-03-18 05:25:16,432 
======================================================================
  [MONITOR] 2026-03-17 20:25 UTC
======================================================================
  잔고    : 4999.97 USDT
  총거래  : 0건
  다음바  : 00:05 UTC (약 219분 후)

  ─ 오픈 포지션 (0건) ─
    없음

  ─ 최근 거래 (0건) ─
    없음
======================================================================
2026-03-18 05:35:47,794 
======================================================================
  [MONITOR] 2026-03-17 20:35 UTC
======================================================================
  잔고    : 4999.97 USDT
  총거래  : 0건
  다음바  : 00:05 UTC (약 209분 후)

  ─ 오픈 포지션 (0건) ─
    없음

  ─ 최근 거래 (0건) ─
    없음
======================================================================
2026-03-18 05:46:20,167 
======================================================================
  [MONITOR] 2026-03-17 20:46 UTC
======================================================================
  잔고    : 4999.97 USDT
  총거래  : 0건
  다음바  : 00:05 UTC (약 198분 후)

  ─ 오픈 포지션 (0건) ─
    없음

  ─ 최근 거래 (0건) ─
    없음
======================================================================
2026-03-18 05:56:52,223 
======================================================================
  [MONITOR] 2026-03-17 20:56 UTC
======================================================================
  잔고    : 4999.97 USDT
  총거래  : 0건
  다음바  : 00:05 UTC (약 188분 후)

  ─ 오픈 포지션 (0건) ─
    없음

  ─ 최근 거래 (0건) ─
    없음
======================================================================
2026-03-18 06:07:23,989 
======================================================================
  [MONITOR] 2026-03-17 21:07 UTC
======================================================================
  잔고    : 4999.97 USDT
  총거래  : 0건
  다음바  : 00:05 UTC (약 177분 후)

  ─ 오픈 포지션 (0건) ─
    없음

  ─ 최근 거래 (0건) ─
    없음
======================================================================
2026-03-18 06:17:54,097 
======================================================================
  [MONITOR] 2026-03-17 21:17 UTC
======================================================================
  잔고    : 4999.97 USDT
  총거래  : 0건
  다음바  : 00:05 UTC (약 167분 후)

  ─ 오픈 포지션 (0건) ─
    없음

  ─ 최근 거래 (0건) ─
    없음
======================================================================
2026-03-18 06:28:25,343 
======================================================================
  [MONITOR] 2026-03-17 21:28 UTC
======================================================================
  잔고    : 4999.97 USDT
  총거래  : 0건
  다음바  : 00:05 UTC (약 156분 후)

  ─ 오픈 포지션 (0건) ─
    없음

  ─ 최근 거래 (0건) ─
    없음
======================================================================
2026-03-18 06:38:56,385 
======================================================================
  [MONITOR] 2026-03-17 21:38 UTC
======================================================================
  잔고    : 4999.97 USDT
  총거래  : 0건
  다음바  : 00:05 UTC (약 146분 후)

  ─ 오픈 포지션 (0건) ─
    없음

  ─ 최근 거래 (0건) ─
    없음
======================================================================
2026-03-18 06:49:25,694 
======================================================================
  [MONITOR] 2026-03-17 21:49 UTC
======================================================================
  잔고    : 4999.97 USDT
  총거래  : 0건
  다음바  : 00:05 UTC (약 135분 후)

  ─ 오픈 포지션 (0건) ─
    없음

  ─ 최근 거래 (0건) ─
    없음
======================================================================
2026-03-18 06:59:56,172 
======================================================================
  [MONITOR] 2026-03-17 21:59 UTC
======================================================================
  잔고    : 4999.97 USDT
  총거래  : 0건
  다음바  : 00:05 UTC (약 125분 후)

  ─ 오픈 포지션 (0건) ─
    없음

  ─ 최근 거래 (0건) ─
    없음
======================================================================
2026-03-18 07:10:26,429 
======================================================================
  [MONITOR] 2026-03-17 22:10 UTC
======================================================================
  잔고    : 4999.97 USDT
  총거래  : 0건
  다음바  : 00:05 UTC (약 114분 후)

  ─ 오픈 포지션 (0건) ─
    없음

  ─ 최근 거래 (0건) ─
    없음
======================================================================
2026-03-18 07:20:54,996 
======================================================================
  [MONITOR] 2026-03-17 22:20 UTC
======================================================================
  잔고    : 4999.97 USDT
  총거래  : 0건
  다음바  : 00:05 UTC (약 104분 후)

  ─ 오픈 포지션 (0건) ─
    없음

  ─ 최근 거래 (0건) ─
    없음
======================================================================
2026-03-18 07:31:24,883 
======================================================================
  [MONITOR] 2026-03-17 22:31 UTC
======================================================================
  잔고    : 4999.97 USDT
  총거래  : 0건
  다음바  : 00:05 UTC (약 93분 후)

  ─ 오픈 포지션 (0건) ─
    없음

  ─ 최근 거래 (0건) ─
    없음
======================================================================
2026-03-18 07:41:54,489 
======================================================================
  [MONITOR] 2026-03-17 22:41 UTC
======================================================================
  잔고    : 4999.97 USDT
  총거래  : 0건
  다음바  : 00:05 UTC (약 83분 후)

  ─ 오픈 포지션 (0건) ─
    없음

  ─ 최근 거래 (0건) ─
    없음
======================================================================
2026-03-18 07:52:22,426 
======================================================================
  [MONITOR] 2026-03-17 22:52 UTC
======================================================================
  잔고    : 4999.97 USDT
  총거래  : 0건
  다음바  : 00:05 UTC (약 72분 후)

  ─ 오픈 포지션 (0건) ─
    없음

  ─ 최근 거래 (0건) ─
    없음
======================================================================
2026-03-18 08:02:51,682 
======================================================================
  [MONITOR] 2026-03-17 23:02 UTC
======================================================================
  잔고    : 4999.97 USDT
  총거래  : 0건
  다음바  : 00:05 UTC (약 62분 후)

  ─ 오픈 포지션 (0건) ─
    없음

  ─ 최근 거래 (0건) ─
    없음
======================================================================
2026-03-18 08:13:20,722 
======================================================================
  [MONITOR] 2026-03-17 23:13 UTC
======================================================================
  잔고    : 4999.97 USDT
  총거래  : 0건
  다음바  : 00:05 UTC (약 51분 후)

  ─ 오픈 포지션 (0건) ─
    없음

  ─ 최근 거래 (0건) ─
    없음
======================================================================
2026-03-18 08:23:48,072 
======================================================================
  [MONITOR] 2026-03-17 23:23 UTC
======================================================================
  잔고    : 4999.97 USDT
  총거래  : 0건
  다음바  : 00:05 UTC (약 41분 후)

  ─ 오픈 포지션 (0건) ─
    없음

  ─ 최근 거래 (0건) ─
    없음
======================================================================
2026-03-18 08:34:16,803 
======================================================================
  [MONITOR] 2026-03-17 23:34 UTC
======================================================================
  잔고    : 4999.97 USDT
  총거래  : 0건
  다음바  : 00:05 UTC (약 30분 후)

  ─ 오픈 포지션 (0건) ─
    없음

  ─ 최근 거래 (0건) ─
    없음
======================================================================
2026-03-18 08:44:45,413 
======================================================================
  [MONITOR] 2026-03-17 23:44 UTC
======================================================================
  잔고    : 4999.97 USDT
  총거래  : 0건
  다음바  : 00:05 UTC (약 20분 후)

  ─ 오픈 포지션 (0건) ─
    없음

  ─ 최근 거래 (0건) ─
    없음
======================================================================
2026-03-18 08:55:12,262 
======================================================================
  [MONITOR] 2026-03-17 23:55 UTC
======================================================================
  잔고    : 4999.97 USDT
  총거래  : 0건
  다음바  : 00:05 UTC (약 9분 후)

  ─ 오픈 포지션 (0건) ─
    없음

  ─ 최근 거래 (0건) ─
    없음
======================================================================
2026-03-18 09:05:44,810 
======================================================================
  [MONITOR] 2026-03-18 00:05 UTC
======================================================================
  잔고    : 4999.97 USDT
  총거래  : 0건
  다음바  : 04:05 UTC (약 239분 후)

  ─ 오픈 포지션 (0건) ─
    없음

  ─ 최근 거래 (0건) ─
    없음
======================================================================
2026-03-18 09:16:12,754 
======================================================================
  [MONITOR] 2026-03-18 00:16 UTC
======================================================================
  잔고    : 4999.97 USDT
  총거래  : 0건
  다음바  : 04:05 UTC (약 228분 후)

  ─ 오픈 포지션 (0건) ─
    없음

  ─ 최근 거래 (0건) ─
    없음
======================================================================
2026-03-18 09:26:38,781 
======================================================================
  [MONITOR] 2026-03-18 00:26 UTC
======================================================================
  잔고    : 4999.97 USDT
  총거래  : 0건
  다음바  : 04:05 UTC (약 218분 후)

  ─ 오픈 포지션 (0건) ─
    없음

  ─ 최근 거래 (0건) ─
    없음
======================================================================
2026-03-18 09:37:06,229 
======================================================================
  [MONITOR] 2026-03-18 00:37 UTC
======================================================================
  잔고    : 4999.97 USDT
  총거래  : 0건
  다음바  : 04:05 UTC (약 207분 후)

  ─ 오픈 포지션 (0건) ─
    없음

  ─ 최근 거래 (0건) ─
    없음
======================================================================
2026-03-18 09:47:33,442 
======================================================================
  [MONITOR] 2026-03-18 00:47 UTC
======================================================================
  잔고    : 4999.97 USDT
  총거래  : 0건
  다음바  : 04:05 UTC (약 197분 후)

  ─ 오픈 포지션 (0건) ─
    없음

  ─ 최근 거래 (0건) ─
    없음
======================================================================
2026-03-18 09:57:58,570 
======================================================================
  [MONITOR] 2026-03-18 00:57 UTC
======================================================================
  잔고    : 4999.97 USDT
  총거래  : 0건
  다음바  : 04:05 UTC (약 187분 후)

  ─ 오픈 포지션 (0건) ─
    없음

  ─ 최근 거래 (0건) ─
    없음
======================================================================
2026-03-18 10:08:25,126 
======================================================================
  [MONITOR] 2026-03-18 01:08 UTC
======================================================================
  잔고    : 4999.97 USDT
  총거래  : 0건
  다음바  : 04:05 UTC (약 176분 후)

  ─ 오픈 포지션 (0건) ─
    없음

  ─ 최근 거래 (0건) ─
    없음
======================================================================
2026-03-18 10:18:51,374 
======================================================================
  [MONITOR] 2026-03-18 01:18 UTC
======================================================================
  잔고    : 4999.97 USDT
  총거래  : 0건
  다음바  : 04:05 UTC (약 166분 후)

  ─ 오픈 포지션 (0건) ─
    없음

  ─ 최근 거래 (0건) ─
    없음
======================================================================
2026-03-18 10:29:15,748 
======================================================================
  [MONITOR] 2026-03-18 01:29 UTC
======================================================================
  잔고    : 4999.97 USDT
  총거래  : 0건
  다음바  : 04:05 UTC (약 155분 후)

  ─ 오픈 포지션 (0건) ─
    없음

  ─ 최근 거래 (0건) ─
    없음
======================================================================
2026-03-18 10:39:41,532 
======================================================================
  [MONITOR] 2026-03-18 01:39 UTC
======================================================================
  잔고    : 4999.97 USDT
  총거래  : 0건
  다음바  : 04:05 UTC (약 145분 후)

  ─ 오픈 포지션 (0건) ─
    없음

  ─ 최근 거래 (0건) ─
    없음
======================================================================
2026-03-18 10:50:07,075 
======================================================================
  [MONITOR] 2026-03-18 01:50 UTC
======================================================================
  잔고    : 4999.97 USDT
  총거래  : 0건
  다음바  : 04:05 UTC (약 134분 후)

  ─ 오픈 포지션 (0건) ─
    없음

  ─ 최근 거래 (0건) ─
    없음
======================================================================
2026-03-18 11:00:32,470 
======================================================================
  [MONITOR] 2026-03-18 02:00 UTC
======================================================================
  잔고    : 4999.97 USDT
  총거래  : 0건
  다음바  : 04:05 UTC (약 124분 후)

  ─ 오픈 포지션 (0건) ─
    없음

  ─ 최근 거래 (0건) ─
    없음
======================================================================
2026-03-18 11:10:55,854 
======================================================================
  [MONITOR] 2026-03-18 02:10 UTC
======================================================================
  잔고    : 4999.97 USDT
  총거래  : 0건
  다음바  : 04:05 UTC (약 114분 후)

  ─ 오픈 포지션 (0건) ─
    없음

  ─ 최근 거래 (0건) ─
    없음
======================================================================
2026-03-18 11:21:20,708 
======================================================================
  [MONITOR] 2026-03-18 02:21 UTC
======================================================================
  잔고    : 4999.97 USDT
  총거래  : 0건
  다음바  : 04:05 UTC (약 103분 후)

  ─ 오픈 포지션 (0건) ─
    없음

  ─ 최근 거래 (0건) ─
    없음
======================================================================
2026-03-18 11:31:45,507 
======================================================================
  [MONITOR] 2026-03-18 02:31 UTC
======================================================================
  잔고    : 4999.97 USDT
  총거래  : 0건
  다음바  : 04:05 UTC (약 93분 후)

  ─ 오픈 포지션 (0건) ─
    없음

  ─ 최근 거래 (0건) ─
    없음
======================================================================
2026-03-18 11:42:09,463 
======================================================================
  [MONITOR] 2026-03-18 02:42 UTC
======================================================================
  잔고    : 4999.97 USDT
  총거래  : 0건
  다음바  : 04:05 UTC (약 82분 후)

  ─ 오픈 포지션 (0건) ─
    없음

  ─ 최근 거래 (0건) ─
    없음
======================================================================
2026-03-18 11:52:32,032 
======================================================================
  [MONITOR] 2026-03-18 02:52 UTC
======================================================================
  잔고    : 4999.97 USDT
  총거래  : 0건
  다음바  : 04:05 UTC (약 72분 후)

  ─ 오픈 포지션 (0건) ─
    없음

  ─ 최근 거래 (0건) ─
    없음
======================================================================
2026-03-18 12:02:56,070 
======================================================================
  [MONITOR] 2026-03-18 03:02 UTC
======================================================================
  잔고    : 4999.97 USDT
  총거래  : 0건
  다음바  : 04:05 UTC (약 62분 후)

  ─ 오픈 포지션 (0건) ─
    없음

  ─ 최근 거래 (0건) ─
    없음
======================================================================
2026-03-18 12:13:20,114 
======================================================================
  [MONITOR] 2026-03-18 03:13 UTC
======================================================================
  잔고    : 4999.97 USDT
  총거래  : 0건
  다음바  : 04:05 UTC (약 51분 후)

  ─ 오픈 포지션 (0건) ─
    없음

  ─ 최근 거래 (0건) ─
    없음
======================================================================
2026-03-18 12:23:44,146 
======================================================================
  [MONITOR] 2026-03-18 03:23 UTC
======================================================================
  잔고    : 4999.97 USDT
  총거래  : 0건
  다음바  : 04:05 UTC (약 41분 후)

  ─ 오픈 포지션 (0건) ─
    없음

  ─ 최근 거래 (0건) ─
    없음
======================================================================
2026-03-18 12:34:06,309 
======================================================================
  [MONITOR] 2026-03-18 03:34 UTC
======================================================================
  잔고    : 4999.97 USDT
  총거래  : 0건
  다음바  : 04:05 UTC (약 30분 후)

  ─ 오픈 포지션 (0건) ─
    없음

  ─ 최근 거래 (0건) ─
    없음
======================================================================
2026-03-18 12:44:30,277 
======================================================================
  [MONITOR] 2026-03-18 03:44 UTC
======================================================================
  잔고    : 4999.97 USDT
  총거래  : 0건
  다음바  : 04:05 UTC (약 20분 후)

  ─ 오픈 포지션 (0건) ─
    없음

  ─ 최근 거래 (0건) ─
    없음
======================================================================
2026-03-18 12:54:53,949 
======================================================================
  [MONITOR] 2026-03-18 03:54 UTC
======================================================================
  잔고    : 4999.97 USDT
  총거래  : 0건
  다음바  : 04:05 UTC (약 10분 후)

  ─ 오픈 포지션 (0건) ─
    없음

  ─ 최근 거래 (0건) ─
    없음
======================================================================
2026-03-18 13:05:20,725 
======================================================================
  [MONITOR] 2026-03-18 04:05 UTC
======================================================================
  잔고    : 4999.97 USDT
  총거래  : 0건
  다음바  : 08:05 UTC (약 239분 후)

  ─ 오픈 포지션 (0건) ─
    없음

  ─ 최근 거래 (0건) ─
    없음
======================================================================
2026-03-18 13:15:44,188 
======================================================================
  [MONITOR] 2026-03-18 04:15 UTC
======================================================================
  잔고    : 4999.97 USDT
  총거래  : 0건
  다음바  : 08:05 UTC (약 229분 후)

  ─ 오픈 포지션 (0건) ─
    없음

  ─ 최근 거래 (0건) ─
    없음
======================================================================
2026-03-18 13:26:07,474 
======================================================================
  [MONITOR] 2026-03-18 04:26 UTC
======================================================================
  잔고    : 4999.97 USDT
  총거래  : 0건
  다음바  : 08:05 UTC (약 218분 후)

  ─ 오픈 포지션 (0건) ─
    없음

  ─ 최근 거래 (0건) ─
    없음
======================================================================
2026-03-18 13:36:28,823 
======================================================================
  [MONITOR] 2026-03-18 04:36 UTC
======================================================================
  잔고    : 4999.97 USDT
  총거래  : 0건
  다음바  : 08:05 UTC (약 208분 후)

  ─ 오픈 포지션 (0건) ─
    없음

  ─ 최근 거래 (0건) ─
    없음
======================================================================
2026-03-18 13:46:51,629 
======================================================================
  [MONITOR] 2026-03-18 04:46 UTC
======================================================================
  잔고    : 4999.97 USDT
  총거래  : 0건
  다음바  : 08:05 UTC (약 198분 후)

  ─ 오픈 포지션 (0건) ─
    없음

  ─ 최근 거래 (0건) ─
    없음
======================================================================
2026-03-18 13:57:14,287 
======================================================================
  [MONITOR] 2026-03-18 04:57 UTC
======================================================================
  잔고    : 4999.97 USDT
  총거래  : 0건
  다음바  : 08:05 UTC (약 187분 후)

  ─ 오픈 포지션 (0건) ─
    없음

  ─ 최근 거래 (0건) ─
    없음
======================================================================
2026-03-18 14:07:42,988 
======================================================================
  [MONITOR] 2026-03-18 05:07 UTC
======================================================================
  잔고    : 4999.97 USDT
  총거래  : 0건
  다음바  : 08:05 UTC (약 177분 후)

  ─ 오픈 포지션 (0건) ─
    없음

  ─ 최근 거래 (0건) ─
    없음
======================================================================
2026-03-18 14:18:14,418 
======================================================================
  [MONITOR] 2026-03-18 05:18 UTC
======================================================================
  잔고    : 4999.97 USDT
  총거래  : 0건
  다음바  : 08:05 UTC (약 166분 후)

  ─ 오픈 포지션 (0건) ─
    없음

  ─ 최근 거래 (0건) ─
    없음
======================================================================
2026-03-18 14:28:43,425 
======================================================================
  [MONITOR] 2026-03-18 05:28 UTC
======================================================================
  잔고    : 4999.97 USDT
  총거래  : 0건
  다음바  : 08:05 UTC (약 156분 후)

  ─ 오픈 포지션 (0건) ─
    없음

  ─ 최근 거래 (0건) ─
    없음
======================================================================
2026-03-18 14:39:07,035 
======================================================================
  [MONITOR] 2026-03-18 05:39 UTC
======================================================================
  잔고    : 4999.97 USDT
  총거래  : 0건
  다음바  : 08:05 UTC (약 145분 후)

  ─ 오픈 포지션 (0건) ─
    없음

  ─ 최근 거래 (0건) ─
    없음
======================================================================
2026-03-18 14:49:31,048 
======================================================================
  [MONITOR] 2026-03-18 05:49 UTC
======================================================================
  잔고    : 4999.97 USDT
  총거래  : 0건
  다음바  : 08:05 UTC (약 135분 후)

  ─ 오픈 포지션 (0건) ─
    없음

  ─ 최근 거래 (0건) ─
    없음
======================================================================
2026-03-18 14:59:54,330 
======================================================================
  [MONITOR] 2026-03-18 05:59 UTC
======================================================================
  잔고    : 4999.97 USDT
  총거래  : 0건
  다음바  : 08:05 UTC (약 125분 후)

  ─ 오픈 포지션 (0건) ─
    없음

  ─ 최근 거래 (0건) ─
    없음
======================================================================
2026-03-18 15:10:15,068 
======================================================================
  [MONITOR] 2026-03-18 06:10 UTC
======================================================================
  잔고    : 4999.97 USDT
  총거래  : 0건
  다음바  : 08:05 UTC (약 114분 후)

  ─ 오픈 포지션 (0건) ─
    없음

  ─ 최근 거래 (0건) ─
    없음
======================================================================
2026-03-18 15:20:37,257 
======================================================================
  [MONITOR] 2026-03-18 06:20 UTC
======================================================================
  잔고    : 4999.97 USDT
  총거래  : 0건
  다음바  : 08:05 UTC (약 104분 후)

  ─ 오픈 포지션 (0건) ─
    없음

  ─ 최근 거래 (0건) ─
    없음
======================================================================
2026-03-18 15:30:59,021 
======================================================================
  [MONITOR] 2026-03-18 06:30 UTC
======================================================================
  잔고    : 4999.97 USDT
  총거래  : 0건
  다음바  : 08:05 UTC (약 94분 후)

  ─ 오픈 포지션 (0건) ─
    없음

  ─ 최근 거래 (0건) ─
    없음
======================================================================
2026-03-18 15:41:18,499 
======================================================================
  [MONITOR] 2026-03-18 06:41 UTC
======================================================================
  잔고    : 4999.97 USDT
  총거래  : 0건
  다음바  : 08:05 UTC (약 83분 후)

  ─ 오픈 포지션 (0건) ─
    없음

  ─ 최근 거래 (0건) ─
    없음
======================================================================
