2026-03-27 20:22:07,718 [INFO] [EquityState] Restored equity=$5000.00 (restarts=1)
2026-03-27 20:22:07,720 [INFO] ProcessPoolExecutor initialized: 6 workers
2026-03-27 20:22:07,720 [INFO] ============================================================
2026-03-27 20:22:07,720 [INFO] Multi-Strategy Bot v8.2 | mode=demo
2026-03-27 20:22:07,721 [INFO] equity=$5000.0 | coins=['XRP', 'SOL', 'TAO', 'DOGE', 'ADA', 'DOT', 'AVAX', 'BNB', 'LINK']
2026-03-27 20:22:07,721 [INFO] ============================================================
2026-03-27 20:22:07,721 [WARNING] [Demo] BINANCE_TESTNET_API_KEY not set — falling back to paper mode
2026-03-27 20:22:08,281 [INFO] Exchange initialized (binance/live): 701 markets loaded
2026-03-27 20:22:08,281 [INFO] Demo/testnet mode: virtual funds, real orders on testnet | equity=$5000.00
2026-03-27 20:22:08,282 [INFO] [MultiPos] Recovered 0 positions
2026-03-27 20:22:08,282 [INFO] No existing coin profiles at data/reports/multi_strategy/coin_profiles.json, starting fresh
2026-03-27 20:22:08,282 [INFO] [cvd_spike] loaded | $3000.0 | 4x | cycle=60s | max_pos=10
2026-03-27 20:22:08,282 [INFO] [liquidation_fade] loaded | $1500.0 | 3x | cycle=60s | max_pos=6
2026-03-27 20:22:08,283 [INFO] [momentum_breakout] loaded | $1500.0 | 4x | cycle=60s | max_pos=6
2026-03-27 20:22:08,283 [INFO] [asymmetric_sniper] loaded | $3000.0 | 6x | cycle=60s | max_pos=6
2026-03-27 20:22:08,283 [INFO] [MonitorV2] Started (poll every 15s)
2026-03-27 20:22:08,283 [INFO] [Discord] System ready notification sent
2026-03-27 20:22:08,284 [INFO] [cvd_spike] loop started (every 60s)
2026-03-27 20:22:08,284 [INFO] [liquidation_fade] loop started (every 60s)
2026-03-27 20:22:08,284 [INFO] [momentum_breakout] loop started (every 60s)
2026-03-27 20:22:08,284 [INFO] [asymmetric_sniper] loop started (every 60s)
2026-03-27 20:22:08,421 [INFO] [CoinSelect] Volatility top 30 → 0 passed safety filter | rejected: 0
2026-03-27 20:22:08,422 [INFO] [CoinRefresh] 15 coins active (base=15 + selective=0) | +{'ETH', 'SUI', 'APT', 'ARB', 'OP', 'BTC'} -{}
2026-03-27 20:22:27,618 [INFO] [XRP] BREAKOUT → SHORT | vol=4.4x cvd_conf=N lev=4x
2026-03-27 20:22:27,860 [INFO] [SOL] BREAKOUT → SHORT | vol=5.3x cvd_conf=N lev=4x
2026-03-27 20:22:28,112 [INFO] [TAO] BREAKOUT → SHORT | vol=2.6x cvd_conf=N lev=4x
2026-03-27 20:22:28,356 [INFO] [DOGE] BREAKOUT → SHORT | vol=5.8x cvd_conf=N lev=4x
2026-03-27 20:22:28,609 [INFO] [ADA] BREAKOUT → SHORT | vol=6.7x cvd_conf=N lev=4x
2026-03-27 20:22:28,853 [INFO] [BTC] BREAKOUT → SHORT | vol=5.2x cvd_conf=N lev=4x
2026-03-27 20:22:29,109 [INFO] [ETH] BREAKOUT → SHORT | vol=6.1x cvd_conf=N lev=4x
2026-03-27 20:22:29,361 [INFO] [BNB] BREAKOUT → SHORT | vol=6.9x cvd_conf=N lev=4x
2026-03-27 20:22:29,602 [INFO] [DOT] BREAKOUT → SHORT | vol=2.8x cvd_conf=N lev=4x
2026-03-27 20:22:29,854 [INFO] [AVAX] BREAKOUT → SHORT | vol=5.7x cvd_conf=N lev=4x
2026-03-27 20:22:30,107 [INFO] [LINK] BREAKOUT → SHORT | vol=5.4x cvd_conf=N lev=4x
2026-03-27 20:22:30,392 [INFO] [OP] BREAKOUT → SHORT | vol=4.7x cvd_conf=N lev=4x
2026-03-27 20:22:30,605 [INFO] [ARB] BREAKOUT → SHORT | vol=5.7x cvd_conf=N lev=4x
2026-03-27 20:22:30,858 [INFO] [SUI] BREAKOUT → SHORT | vol=5.0x cvd_conf=N lev=4x
2026-03-27 20:22:31,110 [INFO] [APT] BREAKOUT → SHORT | vol=4.0x cvd_conf=N lev=4x
2026-03-27 20:22:31,661 [INFO] [XRP] PAPER fill SELL @ 1.3341 qty=4497.4
2026-03-27 20:22:31,661 [INFO] [MultiPos] Added momentum_breakout:XRP: SELL XRP @ 1.3341
2026-03-27 20:22:31,963 [INFO] [TradeLog] Entry captured: momentum_breakout_XRP_0327_112231_0001
2026-03-27 20:22:31,964 [INFO] [XRP] ENTRY SELL @ 1.3341 | qty=4497.4 | SL=1.3359 | trailing=Y | notional=$6000.00
2026-03-27 20:22:32,205 [INFO] [SOL] notional 0.02 < $5, skip
2026-03-27 20:22:32,457 [INFO] [TAO] notional 0.02 < $5, skip
2026-03-27 20:22:32,700 [INFO] [DOGE] notional 0.02 < $5, skip
2026-03-27 20:22:32,958 [INFO] [ADA] notional 0.02 < $5, skip
2026-03-27 20:22:33,215 [INFO] [BTC] notional 0.02 < $5, skip
2026-03-27 20:22:33,215 [INFO] [momentum_breakout] TRADE: {'strategy': 'momentum_breakout', 'coin': 'XRP', 'side': 'SELL', 'price': 1.3341, 'qty': 4497.4, 'sl': 1.3359107142857143, 'tp': 0.0, 'trailing': True}
2026-03-27 20:23:06,599 [INFO] [Heartbeat] equity=$5000.00 | daily=0.00% | pos=1 | notional=$5999.98 | kill=False
2026-03-27 20:23:06,846 [INFO] [CoinSelect] Volatility top 30 → 0 passed safety filter | rejected: 0
2026-03-27 20:23:15,152 [INFO] [SignalScan] 15 coins | 15 candidates
2026-03-27 20:23:31,624 [INFO] [SOL] BREAKOUT → SHORT | vol=5.3x cvd_conf=N lev=4x
2026-03-27 20:23:31,887 [INFO] [TAO] BREAKOUT → SHORT | vol=2.7x cvd_conf=N lev=4x
2026-03-27 20:23:32,119 [INFO] [DOGE] BREAKOUT → SHORT | vol=5.8x cvd_conf=N lev=4x
2026-03-27 20:23:32,414 [INFO] [ADA] BREAKOUT → SHORT | vol=6.7x cvd_conf=N lev=4x
2026-03-27 20:23:32,621 [INFO] [BTC] BREAKOUT → SHORT | vol=5.3x cvd_conf=N lev=4x
2026-03-27 20:23:32,886 [INFO] [ETH] BREAKOUT → SHORT | vol=6.1x cvd_conf=N lev=4x
2026-03-27 20:23:33,119 [INFO] [BNB] BREAKOUT → SHORT | vol=6.9x cvd_conf=N lev=4x
2026-03-27 20:23:33,376 [INFO] [DOT] BREAKOUT → SHORT | vol=2.8x cvd_conf=N lev=4x
2026-03-27 20:23:33,657 [INFO] [AVAX] BREAKOUT → SHORT | vol=5.7x cvd_conf=N lev=4x
2026-03-27 20:23:33,885 [INFO] [LINK] BREAKOUT → SHORT | vol=5.4x cvd_conf=N lev=4x
2026-03-27 20:23:34,146 [INFO] [OP] BREAKOUT → SHORT | vol=4.7x cvd_conf=N lev=4x
2026-03-27 20:23:34,397 [INFO] [ARB] BREAKOUT → SHORT | vol=5.6x cvd_conf=N lev=4x
2026-03-27 20:23:34,625 [INFO] [SUI] BREAKOUT → SHORT | vol=5.0x cvd_conf=N lev=4x
2026-03-27 20:23:34,903 [INFO] [APT] BREAKOUT → SHORT | vol=4.0x cvd_conf=N lev=4x
2026-03-27 20:23:35,313 [INFO] [SOL] notional 0.02 < $5, skip
2026-03-27 20:23:35,562 [INFO] [TAO] notional 0.02 < $5, skip
2026-03-27 20:23:35,805 [INFO] [DOGE] notional 0.02 < $5, skip
2026-03-27 20:23:36,050 [INFO] [ADA] notional 0.02 < $5, skip
2026-03-27 20:23:36,303 [INFO] [BTC] notional 0.02 < $5, skip
2026-03-27 20:24:04,912 [INFO] [Heartbeat] equity=$5000.00 | daily=0.00% | pos=1 | notional=$5999.98 | kill=False
2026-03-27 20:24:34,662 [INFO] [SOL] BREAKOUT → SHORT | vol=5.3x cvd_conf=N lev=4x
2026-03-27 20:24:34,915 [INFO] [TAO] BREAKOUT → SHORT | vol=2.7x cvd_conf=N lev=4x
2026-03-27 20:24:35,223 [INFO] [DOGE] BREAKOUT → SHORT | vol=5.8x cvd_conf=N lev=4x
2026-03-27 20:24:35,411 [INFO] [ADA] BREAKOUT → SHORT | vol=6.7x cvd_conf=N lev=4x
2026-03-27 20:24:35,673 [INFO] [BTC] BREAKOUT → SHORT | vol=5.3x cvd_conf=N lev=4x
2026-03-27 20:24:35,908 [INFO] [ETH] BREAKOUT → SHORT | vol=6.1x cvd_conf=N lev=4x
2026-03-27 20:24:36,160 [INFO] [BNB] BREAKOUT → SHORT | vol=6.9x cvd_conf=N lev=4x
2026-03-27 20:24:36,417 [INFO] [DOT] BREAKOUT → SHORT | vol=2.8x cvd_conf=N lev=4x
2026-03-27 20:24:36,660 [INFO] [AVAX] BREAKOUT → SHORT | vol=5.7x cvd_conf=N lev=4x
2026-03-27 20:24:36,922 [INFO] [LINK] BREAKOUT → SHORT | vol=5.4x cvd_conf=N lev=4x
2026-03-27 20:24:37,167 [INFO] [OP] BREAKOUT → SHORT | vol=4.7x cvd_conf=N lev=4x
2026-03-27 20:24:37,411 [INFO] [ARB] BREAKOUT → SHORT | vol=5.6x cvd_conf=N lev=4x
2026-03-27 20:24:37,662 [INFO] [SUI] BREAKOUT → SHORT | vol=5.0x cvd_conf=N lev=4x
2026-03-27 20:24:37,960 [INFO] [APT] BREAKOUT → SHORT | vol=4.0x cvd_conf=N lev=4x
2026-03-27 20:24:38,362 [INFO] [SOL] notional 0.02 < $5, skip
2026-03-27 20:24:38,626 [INFO] [TAO] notional 0.02 < $5, skip
2026-03-27 20:24:38,876 [INFO] [DOGE] notional 0.02 < $5, skip
2026-03-27 20:24:39,120 [INFO] [ADA] notional 0.02 < $5, skip
2026-03-27 20:24:39,365 [INFO] [BTC] notional 0.02 < $5, skip
2026-03-27 20:25:03,123 [INFO] [Heartbeat] equity=$5000.00 | daily=0.00% | pos=1 | notional=$5999.98 | kill=False
2026-03-27 20:25:36,583 [INFO] Signal 15 received, shutting down...
2026-03-27 20:25:36,583 [INFO] Shutting down...
2026-03-27 20:25:36,583 [INFO] [MonitorV2] Stopped
2026-03-27 20:25:36,583 [INFO] ============================================================
2026-03-27 20:25:36,584 [INFO] Session summary:
2026-03-27 20:25:36,584 [INFO]   Trades: 0
2026-03-27 20:25:36,584 [INFO]   PnL: $+0.0000
2026-03-27 20:25:36,584 [INFO]   Win rate: 0.0%
2026-03-27 20:25:36,584 [INFO]   Final equity: $5000.00
2026-03-27 20:25:36,584 [INFO]   [cvd_spike] trades=0 pnl=$+0.0000
2026-03-27 20:25:36,584 [INFO]   [liquidation_fade] trades=0 pnl=$+0.0000
2026-03-27 20:25:36,584 [INFO]   [momentum_breakout] trades=0 pnl=$+0.0000
2026-03-27 20:25:36,584 [INFO]   [asymmetric_sniper] trades=0 pnl=$+0.0000
2026-03-27 20:25:36,584 [INFO] ============================================================
