2026-03-29 15:41:33,920 [INFO] [EquityState] Restored equity=$4599.11 (restarts=1)
2026-03-29 15:41:33,924 [INFO] ProcessPoolExecutor initialized: 10 workers (16 cores, 80% target)
2026-03-29 15:41:33,924 [INFO] ============================================================
2026-03-29 15:41:33,924 [INFO] Multi-Strategy Bot v8.5 | mode=demo
2026-03-29 15:41:33,924 [INFO] equity=$4599.105317 | coins=['XRP', 'SOL', 'TAO', 'DOGE', 'ADA', 'DOT', 'AVAX', 'BNB', 'LINK']
2026-03-29 15:41:33,924 [INFO] ============================================================
2026-03-29 15:41:34,482 [INFO] Exchange initialized (binance/sandbox): 704 markets loaded
2026-03-29 15:41:34,582 [WARNING] [BalanceSync] 내부equity=$4599.11 vs 거래소USDT=$4609.47 (차이=$10.36) → 거래소 잔고로 동기화
2026-03-29 15:41:34,821 [WARNING] [GhostClean] ghost 포지션 사전 수집 실패: cannot access local variable '_ghost' where it is not associated with a value
2026-03-29 15:41:34,821 [INFO] Demo/testnet mode: virtual funds, real orders on testnet | equity=$4609.47
2026-03-29 15:41:34,822 [INFO] [MultiPos] Recovered 0 positions
2026-03-29 15:41:34,829 [INFO] [EVGuardian] Initial evaluation: ['momentum_breakout', 'cvd_spike', 'asymmetric_sniper', 'liquidation_fade']
2026-03-29 15:41:34,830 [INFO] Loaded 15 coin profiles from data/reports/multi_strategy/coin_profiles.json
2026-03-29 15:41:34,830 [INFO] [EntryFilters] vpin=True blacklist=True atr_regime=True
2026-03-29 15:41:34,830 [INFO] [PortRisk] Daily state restored: day_start=$4590.16 strategy_pnl={'liquidation_fade': 8.94142}
2026-03-29 15:41:34,830 [INFO] [cvd_spike] loaded | $9000.0 | 6x | cycle=60s | max_pos=15
2026-03-29 15:41:34,830 [INFO] [liquidation_fade] loaded | $4500.0 | 5x | cycle=60s | max_pos=10
2026-03-29 15:41:34,830 [INFO] [asymmetric_sniper] loaded | $9000.0 | 5x | cycle=60s | max_pos=10
2026-03-29 15:41:34,830 [INFO] [MonitorV2] Started (poll every 15s)
2026-03-29 15:41:34,830 [INFO] [Discord] System ready notification sent
2026-03-29 15:41:34,831 [INFO] [cvd_spike] loop started (every 60s)
2026-03-29 15:41:34,831 [INFO] [liquidation_fade] loop started (every 60s)
2026-03-29 15:41:34,831 [INFO] [asymmetric_sniper] loop started (every 60s)
2026-03-29 15:41:34,968 [INFO] [CoinSelect] Volatility top 30 → 0 passed safety filter | rejected: 0
2026-03-29 15:41:34,968 [INFO] [CoinRefresh] 11 coins active (base=13 + selective=0) | +{'SUI', 'OP', 'ARB', 'ETH'} -{'LINK', 'TAO'}
2026-03-29 15:41:37,743 [INFO] [Scan:cvd_spike] trades=0 | cache hits=0 miss=9 err=0 | positions=0
2026-03-29 15:41:39,043 [INFO] [Scan:asymmetric_sniper] trades=0 | cache hits=7 miss=4 err=0 | positions=0
2026-03-29 15:41:44,065 [INFO] [Scan:liquidation_fade] trades=0 | cache hits=0 miss=11 err=0 | positions=0
2026-03-29 15:42:07,042 [INFO] Signal 15 received, shutting down...
2026-03-29 15:42:07,043 [INFO] Shutting down...
2026-03-29 15:42:07,043 [INFO] [MonitorV2] Stopped
2026-03-29 15:42:07,044 [INFO] ============================================================
2026-03-29 15:42:07,044 [INFO] Session summary (net of fees):
2026-03-29 15:42:07,044 [INFO]   Trades: 0
2026-03-29 15:42:07,044 [INFO]   Net PnL: $+0.0000 (fee: $0.0000)
2026-03-29 15:42:07,044 [INFO]   Win rate: 0.0%
2026-03-29 15:42:07,044 [INFO]   Final equity: $4609.47
2026-03-29 15:42:07,044 [INFO]   [cvd_spike] trades=0 net_pnl=$+0.0000
2026-03-29 15:42:07,044 [INFO]   [liquidation_fade] trades=0 net_pnl=$+0.0000
2026-03-29 15:42:07,044 [INFO]   [asymmetric_sniper] trades=0 net_pnl=$+0.0000
2026-03-29 15:42:07,044 [INFO] ============================================================
[OK] Discord 연동 확인 완료
