2026-03-27 19:43:28,749 [INFO] ProcessPoolExecutor initialized: 6 workers
2026-03-27 19:43:28,750 [INFO] ============================================================
2026-03-27 19:43:28,750 [INFO] Multi-Strategy Bot v8.2 | mode=demo
2026-03-27 19:43:28,750 [INFO] equity=$5000.0 | coins=['XRP', 'SOL', 'TAO', 'DOGE', 'ADA', 'DOT', 'AVAX', 'BNB', 'LINK']
2026-03-27 19:43:28,750 [INFO] ============================================================
2026-03-27 19:43:28,750 [WARNING] [Demo] BINANCE_TESTNET_API_KEY not set — falling back to paper mode
2026-03-27 19:43:29,263 [INFO] Exchange initialized (binance/live): 701 markets loaded
2026-03-27 19:43:29,263 [INFO] Demo/testnet mode: virtual funds, real orders on testnet | equity=$5000.00
2026-03-27 19:43:30,141 [INFO] No existing coin profiles at data/reports/multi_strategy/coin_profiles.json, starting fresh
2026-03-27 19:43:30,142 [INFO] [cvd_spike] loaded | $900.0 | 3x | cycle=60s | max_pos=8
2026-03-27 19:43:30,142 [INFO] [liquidation_fade] loaded | $600.0 | 2x | cycle=300s | max_pos=4
2026-03-27 19:43:30,142 [INFO] [momentum_breakout] loaded | $600.0 | 3x | cycle=300s | max_pos=4
2026-03-27 19:43:30,142 [INFO] [asymmetric_sniper] loaded | $2400.0 | 5x | cycle=60s | max_pos=4
2026-03-27 19:43:30,142 [INFO] [MonitorV2] Started (poll every 15s)
2026-03-27 19:43:30,143 [INFO] [Discord] System ready notification sent
2026-03-27 19:43:30,143 [INFO] [cvd_spike] loop started (every 60s)
2026-03-27 19:43:30,143 [INFO] [liquidation_fade] loop started (every 300s)
2026-03-27 19:43:30,143 [INFO] [momentum_breakout] loop started (every 300s)
2026-03-27 19:43:30,143 [INFO] [asymmetric_sniper] loop started (every 60s)
2026-03-27 19:43:30,143 [ERROR] [CoinSelect] fetch_tickers failed: 'ExchangeAdapter' object has no attribute 'async_exchange'
2026-03-27 19:43:30,143 [INFO] [CoinRefresh] 15 coins active (base=15 + selective=0) | +{'ETH', 'BTC', 'OP', 'ARB', 'APT', 'SUI'} -{}
2026-03-27 19:43:30,143 [ERROR] [DataHub] OHLCV fetch failed XRP/1m: 'ExchangeAdapter' object has no attribute 'async_exchange'
2026-03-27 19:43:30,144 [ERROR] [DataHub] OHLCV fetch failed SOL/1m: 'ExchangeAdapter' object has no attribute 'async_exchange'
2026-03-27 19:43:30,144 [ERROR] [DataHub] OHLCV fetch failed TAO/1m: 'ExchangeAdapter' object has no attribute 'async_exchange'
2026-03-27 19:43:30,144 [ERROR] [DataHub] OHLCV fetch failed DOGE/1m: 'ExchangeAdapter' object has no attribute 'async_exchange'
2026-03-27 19:43:30,144 [ERROR] [DataHub] OHLCV fetch failed ADA/1m: 'ExchangeAdapter' object has no attribute 'async_exchange'
2026-03-27 19:43:30,144 [ERROR] [DataHub] OHLCV fetch failed BTC/1m: 'ExchangeAdapter' object has no attribute 'async_exchange'
2026-03-27 19:43:30,144 [ERROR] [DataHub] OHLCV fetch failed ETH/1m: 'ExchangeAdapter' object has no attribute 'async_exchange'
2026-03-27 19:43:30,144 [ERROR] [DataHub] OHLCV fetch failed BNB/1m: 'ExchangeAdapter' object has no attribute 'async_exchange'
2026-03-27 19:43:30,144 [ERROR] [DataHub] OHLCV fetch failed DOT/1m: 'ExchangeAdapter' object has no attribute 'async_exchange'
2026-03-27 19:43:30,144 [ERROR] [DataHub] OHLCV fetch failed AVAX/1m: 'ExchangeAdapter' object has no attribute 'async_exchange'
2026-03-27 19:43:30,144 [ERROR] [DataHub] OHLCV fetch failed LINK/1m: 'ExchangeAdapter' object has no attribute 'async_exchange'
2026-03-27 19:43:30,144 [ERROR] [DataHub] OHLCV fetch failed OP/1m: 'ExchangeAdapter' object has no attribute 'async_exchange'
2026-03-27 19:43:30,144 [ERROR] [DataHub] OHLCV fetch failed ARB/1m: 'ExchangeAdapter' object has no attribute 'async_exchange'
2026-03-27 19:43:30,144 [ERROR] [DataHub] OHLCV fetch failed SUI/1m: 'ExchangeAdapter' object has no attribute 'async_exchange'
2026-03-27 19:43:30,144 [ERROR] [DataHub] OHLCV fetch failed APT/1m: 'ExchangeAdapter' object has no attribute 'async_exchange'
2026-03-27 19:43:35,145 [ERROR] [DataHub] OHLCV fetch failed XRP/1m: 'ExchangeAdapter' object has no attribute 'async_exchange'
2026-03-27 19:43:35,145 [ERROR] [DataHub] OHLCV fetch failed SOL/1m: 'ExchangeAdapter' object has no attribute 'async_exchange'
2026-03-27 19:43:35,145 [ERROR] [DataHub] OHLCV fetch failed TAO/1m: 'ExchangeAdapter' object has no attribute 'async_exchange'
2026-03-27 19:43:35,145 [ERROR] [DataHub] OHLCV fetch failed DOGE/1m: 'ExchangeAdapter' object has no attribute 'async_exchange'
2026-03-27 19:43:35,145 [ERROR] [DataHub] OHLCV fetch failed ADA/1m: 'ExchangeAdapter' object has no attribute 'async_exchange'
2026-03-27 19:43:35,145 [ERROR] [DataHub] OHLCV fetch failed BTC/1m: 'ExchangeAdapter' object has no attribute 'async_exchange'
2026-03-27 19:43:35,145 [ERROR] [DataHub] OHLCV fetch failed ETH/1m: 'ExchangeAdapter' object has no attribute 'async_exchange'
2026-03-27 19:43:35,145 [ERROR] [DataHub] OHLCV fetch failed BNB/1m: 'ExchangeAdapter' object has no attribute 'async_exchange'
2026-03-27 19:43:35,145 [ERROR] [DataHub] OHLCV fetch failed DOT/1m: 'ExchangeAdapter' object has no attribute 'async_exchange'
2026-03-27 19:43:35,145 [ERROR] [DataHub] OHLCV fetch failed AVAX/1m: 'ExchangeAdapter' object has no attribute 'async_exchange'
2026-03-27 19:43:35,145 [ERROR] [DataHub] OHLCV fetch failed LINK/1m: 'ExchangeAdapter' object has no attribute 'async_exchange'
2026-03-27 19:43:35,145 [ERROR] [DataHub] OHLCV fetch failed OP/1m: 'ExchangeAdapter' object has no attribute 'async_exchange'
2026-03-27 19:43:35,145 [ERROR] [DataHub] OHLCV fetch failed ARB/1m: 'ExchangeAdapter' object has no attribute 'async_exchange'
2026-03-27 19:43:35,145 [ERROR] [DataHub] OHLCV fetch failed SUI/1m: 'ExchangeAdapter' object has no attribute 'async_exchange'
2026-03-27 19:43:35,145 [ERROR] [DataHub] OHLCV fetch failed APT/1m: 'ExchangeAdapter' object has no attribute 'async_exchange'
2026-03-27 19:43:40,177 [ERROR] [DataHub] OHLCV fetch failed XRP/5m: 'ExchangeAdapter' object has no attribute 'async_exchange'
2026-03-27 19:43:40,177 [ERROR] [DataHub] OHLCV fetch failed SOL/5m: 'ExchangeAdapter' object has no attribute 'async_exchange'
2026-03-27 19:43:40,177 [ERROR] [DataHub] OHLCV fetch failed TAO/5m: 'ExchangeAdapter' object has no attribute 'async_exchange'
2026-03-27 19:43:40,177 [ERROR] [DataHub] OHLCV fetch failed DOGE/5m: 'ExchangeAdapter' object has no attribute 'async_exchange'
2026-03-27 19:43:40,178 [ERROR] [DataHub] OHLCV fetch failed ADA/5m: 'ExchangeAdapter' object has no attribute 'async_exchange'
2026-03-27 19:43:40,178 [ERROR] [DataHub] OHLCV fetch failed BTC/5m: 'ExchangeAdapter' object has no attribute 'async_exchange'
2026-03-27 19:43:40,178 [ERROR] [DataHub] OHLCV fetch failed ETH/5m: 'ExchangeAdapter' object has no attribute 'async_exchange'
2026-03-27 19:43:40,178 [ERROR] [DataHub] OHLCV fetch failed BNB/5m: 'ExchangeAdapter' object has no attribute 'async_exchange'
2026-03-27 19:43:40,178 [ERROR] [DataHub] OHLCV fetch failed DOT/5m: 'ExchangeAdapter' object has no attribute 'async_exchange'
2026-03-27 19:43:40,178 [ERROR] [DataHub] OHLCV fetch failed AVAX/5m: 'ExchangeAdapter' object has no attribute 'async_exchange'
2026-03-27 19:43:40,178 [ERROR] [DataHub] OHLCV fetch failed LINK/5m: 'ExchangeAdapter' object has no attribute 'async_exchange'
2026-03-27 19:43:40,178 [ERROR] [DataHub] OHLCV fetch failed OP/5m: 'ExchangeAdapter' object has no attribute 'async_exchange'
2026-03-27 19:43:40,178 [ERROR] [DataHub] OHLCV fetch failed ARB/5m: 'ExchangeAdapter' object has no attribute 'async_exchange'
2026-03-27 19:43:40,178 [ERROR] [DataHub] OHLCV fetch failed SUI/5m: 'ExchangeAdapter' object has no attribute 'async_exchange'
2026-03-27 19:43:40,178 [ERROR] [DataHub] OHLCV fetch failed APT/5m: 'ExchangeAdapter' object has no attribute 'async_exchange'
2026-03-27 19:43:49,331 [ERROR] [DataHub] OHLCV fetch failed XRP/1m: 'ExchangeAdapter' object has no attribute 'async_exchange'
2026-03-27 19:43:49,331 [ERROR] [DataHub] OHLCV fetch failed SOL/1m: 'ExchangeAdapter' object has no attribute 'async_exchange'
2026-03-27 19:43:49,331 [ERROR] [DataHub] OHLCV fetch failed TAO/1m: 'ExchangeAdapter' object has no attribute 'async_exchange'
2026-03-27 19:43:49,331 [ERROR] [DataHub] OHLCV fetch failed DOGE/1m: 'ExchangeAdapter' object has no attribute 'async_exchange'
2026-03-27 19:43:49,331 [ERROR] [DataHub] OHLCV fetch failed ADA/1m: 'ExchangeAdapter' object has no attribute 'async_exchange'
2026-03-27 19:43:49,331 [ERROR] [DataHub] OHLCV fetch failed BTC/1m: 'ExchangeAdapter' object has no attribute 'async_exchange'
2026-03-27 19:43:49,331 [ERROR] [DataHub] OHLCV fetch failed ETH/1m: 'ExchangeAdapter' object has no attribute 'async_exchange'
2026-03-27 19:43:49,331 [ERROR] [DataHub] OHLCV fetch failed BNB/1m: 'ExchangeAdapter' object has no attribute 'async_exchange'
2026-03-27 19:43:49,331 [ERROR] [DataHub] OHLCV fetch failed DOT/1m: 'ExchangeAdapter' object has no attribute 'async_exchange'
2026-03-27 19:43:49,331 [ERROR] [DataHub] OHLCV fetch failed AVAX/1m: 'ExchangeAdapter' object has no attribute 'async_exchange'
2026-03-27 19:43:49,331 [ERROR] [DataHub] OHLCV fetch failed LINK/1m: 'ExchangeAdapter' object has no attribute 'async_exchange'
2026-03-27 19:43:49,331 [ERROR] [DataHub] OHLCV fetch failed OP/1m: 'ExchangeAdapter' object has no attribute 'async_exchange'
2026-03-27 19:43:49,331 [ERROR] [DataHub] OHLCV fetch failed ARB/1m: 'ExchangeAdapter' object has no attribute 'async_exchange'
2026-03-27 19:43:49,331 [ERROR] [DataHub] OHLCV fetch failed SUI/1m: 'ExchangeAdapter' object has no attribute 'async_exchange'
2026-03-27 19:43:49,331 [ERROR] [DataHub] OHLCV fetch failed APT/1m: 'ExchangeAdapter' object has no attribute 'async_exchange'
2026-03-27 19:44:28,491 [INFO] [Heartbeat] equity=$5000.00 | daily=0.00% | pos=0 | notional=$0.00 | kill=False
2026-03-27 19:44:28,491 [ERROR] [CoinSelect] fetch_tickers failed: 'ExchangeAdapter' object has no attribute 'async_exchange'
2026-03-27 19:44:28,492 [ERROR] [DataHub] OHLCV fetch failed XRP/1m: 'ExchangeAdapter' object has no attribute 'async_exchange'
2026-03-27 19:44:28,492 [ERROR] [DataHub] OHLCV fetch failed SOL/1m: 'ExchangeAdapter' object has no attribute 'async_exchange'
2026-03-27 19:44:28,492 [ERROR] [DataHub] OHLCV fetch failed TAO/1m: 'ExchangeAdapter' object has no attribute 'async_exchange'
2026-03-27 19:44:28,492 [ERROR] [DataHub] OHLCV fetch failed DOGE/1m: 'ExchangeAdapter' object has no attribute 'async_exchange'
2026-03-27 19:44:28,492 [ERROR] [DataHub] OHLCV fetch failed ADA/1m: 'ExchangeAdapter' object has no attribute 'async_exchange'
2026-03-27 19:44:28,492 [ERROR] [DataHub] OHLCV fetch failed BTC/1m: 'ExchangeAdapter' object has no attribute 'async_exchange'
2026-03-27 19:44:28,492 [ERROR] [DataHub] OHLCV fetch failed ETH/1m: 'ExchangeAdapter' object has no attribute 'async_exchange'
2026-03-27 19:44:28,492 [ERROR] [DataHub] OHLCV fetch failed BNB/1m: 'ExchangeAdapter' object has no attribute 'async_exchange'
2026-03-27 19:44:28,492 [ERROR] [DataHub] OHLCV fetch failed DOT/1m: 'ExchangeAdapter' object has no attribute 'async_exchange'
2026-03-27 19:44:28,492 [ERROR] [DataHub] OHLCV fetch failed AVAX/1m: 'ExchangeAdapter' object has no attribute 'async_exchange'
2026-03-27 19:44:28,492 [ERROR] [DataHub] OHLCV fetch failed LINK/1m: 'ExchangeAdapter' object has no attribute 'async_exchange'
2026-03-27 19:44:28,492 [ERROR] [DataHub] OHLCV fetch failed OP/1m: 'ExchangeAdapter' object has no attribute 'async_exchange'
2026-03-27 19:44:28,492 [ERROR] [DataHub] OHLCV fetch failed ARB/1m: 'ExchangeAdapter' object has no attribute 'async_exchange'
2026-03-27 19:44:28,493 [ERROR] [DataHub] OHLCV fetch failed SUI/1m: 'ExchangeAdapter' object has no attribute 'async_exchange'
2026-03-27 19:44:28,493 [ERROR] [DataHub] OHLCV fetch failed APT/1m: 'ExchangeAdapter' object has no attribute 'async_exchange'
2026-03-27 19:44:28,493 [INFO] [SignalScan] 0 coins | 0 candidates
2026-03-27 19:44:28,493 [ERROR] [DataHub] OHLCV fetch failed XRP/1m: 'ExchangeAdapter' object has no attribute 'async_exchange'
2026-03-27 19:44:28,493 [ERROR] [DataHub] OHLCV fetch failed SOL/1m: 'ExchangeAdapter' object has no attribute 'async_exchange'
2026-03-27 19:44:28,493 [ERROR] [DataHub] OHLCV fetch failed TAO/1m: 'ExchangeAdapter' object has no attribute 'async_exchange'
2026-03-27 19:44:28,493 [ERROR] [DataHub] OHLCV fetch failed DOGE/1m: 'ExchangeAdapter' object has no attribute 'async_exchange'
2026-03-27 19:44:28,493 [ERROR] [DataHub] OHLCV fetch failed ADA/1m: 'ExchangeAdapter' object has no attribute 'async_exchange'
2026-03-27 19:44:28,494 [ERROR] [DataHub] OHLCV fetch failed BTC/1m: 'ExchangeAdapter' object has no attribute 'async_exchange'
2026-03-27 19:44:28,494 [ERROR] [DataHub] OHLCV fetch failed ETH/1m: 'ExchangeAdapter' object has no attribute 'async_exchange'
2026-03-27 19:44:28,494 [ERROR] [DataHub] OHLCV fetch failed BNB/1m: 'ExchangeAdapter' object has no attribute 'async_exchange'
2026-03-27 19:44:28,494 [ERROR] [DataHub] OHLCV fetch failed DOT/1m: 'ExchangeAdapter' object has no attribute 'async_exchange'
2026-03-27 19:44:28,494 [ERROR] [DataHub] OHLCV fetch failed AVAX/1m: 'ExchangeAdapter' object has no attribute 'async_exchange'
2026-03-27 19:44:28,494 [ERROR] [DataHub] OHLCV fetch failed LINK/1m: 'ExchangeAdapter' object has no attribute 'async_exchange'
2026-03-27 19:44:28,494 [ERROR] [DataHub] OHLCV fetch failed OP/1m: 'ExchangeAdapter' object has no attribute 'async_exchange'
2026-03-27 19:44:28,494 [ERROR] [DataHub] OHLCV fetch failed ARB/1m: 'ExchangeAdapter' object has no attribute 'async_exchange'
2026-03-27 19:44:28,494 [ERROR] [DataHub] OHLCV fetch failed SUI/1m: 'ExchangeAdapter' object has no attribute 'async_exchange'
2026-03-27 19:44:28,494 [ERROR] [DataHub] OHLCV fetch failed APT/1m: 'ExchangeAdapter' object has no attribute 'async_exchange'
2026-03-27 19:44:33,483 [ERROR] [DataHub] OHLCV fetch failed XRP/1m: 'ExchangeAdapter' object has no attribute 'async_exchange'
2026-03-27 19:44:33,483 [ERROR] [DataHub] OHLCV fetch failed SOL/1m: 'ExchangeAdapter' object has no attribute 'async_exchange'
2026-03-27 19:44:33,483 [ERROR] [DataHub] OHLCV fetch failed TAO/1m: 'ExchangeAdapter' object has no attribute 'async_exchange'
2026-03-27 19:44:33,483 [ERROR] [DataHub] OHLCV fetch failed DOGE/1m: 'ExchangeAdapter' object has no attribute 'async_exchange'
2026-03-27 19:44:33,483 [ERROR] [DataHub] OHLCV fetch failed ADA/1m: 'ExchangeAdapter' object has no attribute 'async_exchange'
2026-03-27 19:44:33,483 [ERROR] [DataHub] OHLCV fetch failed BTC/1m: 'ExchangeAdapter' object has no attribute 'async_exchange'
2026-03-27 19:44:33,484 [ERROR] [DataHub] OHLCV fetch failed ETH/1m: 'ExchangeAdapter' object has no attribute 'async_exchange'
2026-03-27 19:44:33,484 [ERROR] [DataHub] OHLCV fetch failed BNB/1m: 'ExchangeAdapter' object has no attribute 'async_exchange'
2026-03-27 19:44:33,484 [ERROR] [DataHub] OHLCV fetch failed DOT/1m: 'ExchangeAdapter' object has no attribute 'async_exchange'
2026-03-27 19:44:33,484 [ERROR] [DataHub] OHLCV fetch failed AVAX/1m: 'ExchangeAdapter' object has no attribute 'async_exchange'
2026-03-27 19:44:33,484 [ERROR] [DataHub] OHLCV fetch failed LINK/1m: 'ExchangeAdapter' object has no attribute 'async_exchange'
2026-03-27 19:44:33,484 [ERROR] [DataHub] OHLCV fetch failed OP/1m: 'ExchangeAdapter' object has no attribute 'async_exchange'
2026-03-27 19:44:33,484 [ERROR] [DataHub] OHLCV fetch failed ARB/1m: 'ExchangeAdapter' object has no attribute 'async_exchange'
2026-03-27 19:44:33,484 [ERROR] [DataHub] OHLCV fetch failed SUI/1m: 'ExchangeAdapter' object has no attribute 'async_exchange'
2026-03-27 19:44:33,484 [ERROR] [DataHub] OHLCV fetch failed APT/1m: 'ExchangeAdapter' object has no attribute 'async_exchange'
